=== Building Vector Index (len=128, step=10) ===
  0%|          | 0/1157 [00:00<?, ?it/s]100%|██████████| 1157/1157 [00:00<00:00, 11812.87it/s]
Index built: 26040 vectors of dim 128.

=== 検索順位ごとの距離（二乗ユークリッド，標準化後）===
  第1位  中央値=   69.84  平均=   80.19  1位比=1.00
  第2位  中央値=   74.89  平均=   85.03  1位比=1.07
  第3位  中央値=   78.88  平均=   88.23  1位比=1.13
  第4位  中央値=   81.86  平均=   90.55  1位比=1.17
  第5位  中央値=   83.82  平均=   92.42  1位比=1.20
  第6位  中央値=   85.21  平均=   94.14  1位比=1.22
  第7位  中央値=   86.29  平均=   95.56  1位比=1.24
Processing Groups:   0%|          | 0/1157 [00:00<?, ?it/s]Processing Groups: 100%|██████████| 1157/1157 [00:00<00:00, 17438.59it/s]
Batch searching 1157 samples...
Building Samples:   0%|          | 0/1157 [00:00<?, ?it/s]Building Samples: 100%|██████████| 1157/1157 [00:00<00:00, 64557.80it/s]

=== 順位ごとのゲート出力（336サンプル，1に近いほど参照を通す）===
  第1位  平均=0.2340  中央値=0.2186
  第2位  平均=0.2322  中央値=0.2177
  第3位  平均=0.2333  中央値=0.2167
  第4位  平均=0.2357  中央値=0.2233
  第5位  平均=0.2281  中央値=0.2133
  第6位  平均=0.2285  中央値=0.2148
  第7位  平均=0.2285  中央値=0.2111

  第1位に対する第7位の比 = 0.976
