=== Building Vector Index (len=128, step=10) ===
  0%|          | 0/1157 [00:00<?, ?it/s]100%|██████████| 1157/1157 [00:00<00:00, 11934.57it/s]
Index built: 26040 vectors of dim 128.
Processing Groups:   0%|          | 0/1157 [00:00<?, ?it/s]Processing Groups: 100%|██████████| 1157/1157 [00:00<00:00, 17936.30it/s]
Batch searching 1157 samples...
Building Samples:   0%|          | 0/1157 [00:00<?, ?it/s]Building Samples: 100%|██████████| 1157/1157 [00:00<00:00, 79798.89it/s]

=== 参照の冗長性（1155系列，標準化後の二乗ユークリッド）===
  予測対象と各参照の距離（中央値）: 69.9  74.9  78.9  81.9  83.8  85.2  86.3
  第1参照と第2〜7参照の距離（中央値）: 57.8  63.1  66.6  67.8  68.7  71.4
  → 参照どうしの距離は予測対象との距離の 0.82 倍

=== ゲート出力（参照1件あたり）===
Processing Groups:   0%|          | 0/1157 [00:00<?, ?it/s]Processing Groups: 100%|██████████| 1157/1157 [00:00<00:00, 17300.69it/s]
Batch searching 1157 samples...
Building Samples:   0%|          | 0/1157 [00:00<?, ?it/s]Building Samples: 100%|██████████| 1157/1157 [00:00<00:00, 145953.55it/s]
  K=1  平均=0.2806  中央値=0.1873   → 通過する総量の目安 K×平均 = 0.281
Processing Groups:   0%|          | 0/1157 [00:00<?, ?it/s]Processing Groups: 100%|██████████| 1157/1157 [00:00<00:00, 16527.12it/s]
Batch searching 1157 samples...
Building Samples:   0%|          | 0/1157 [00:00<?, ?it/s]Building Samples: 100%|██████████| 1157/1157 [00:00<00:00, 145664.41it/s]
  K=3  平均=0.2647  中央値=0.1793   → 通過する総量の目安 K×平均 = 0.794
Processing Groups:   0%|          | 0/1157 [00:00<?, ?it/s]Processing Groups: 100%|██████████| 1157/1157 [00:00<00:00, 16079.08it/s]
Batch searching 1157 samples...
Building Samples:   0%|          | 0/1157 [00:00<?, ?it/s]Building Samples: 100%|██████████| 1157/1157 [00:00<00:00, 133539.07it/s]
  K=7  平均=0.2316  中央値=0.1352   → 通過する総量の目安 K×平均 = 1.621
